<?xml version="1.0" encoding="UTF-8"?>
<testsuites name="badgepy" time="4.321" tests="47" failures="0" errors="0">
  <testsuite name="tests.test_badgepy" tests="28" failures="0" errors="0" skipped="1" time="2.856">
    <testcase classname="tests.test_badgepy" name="test_badge_basic" time="0.023"/>
    <testcase classname="tests.test_badgepy" name="test_badge_with_logo" time="0.041"/>
    <testcase classname="tests.test_badgepy" name="test_badge_embed_logo" time="0.038"/>
    <testcase classname="tests.test_badgepy" name="test_badge_left_color" time="0.019"/>
    <testcase classname="tests.test_badgepy" name="test_badge_right_color" time="0.017"/>
    <testcase classname="tests.test_badgepy" name="test_badge_color_names" time="0.022"/>
    <testcase classname="tests.test_badgepy" name="test_badge_whole_link" time="0.015"/>
    <testcase classname="tests.test_badgepy" name="test_badge_left_link" time="0.016"/>
    <testcase classname="tests.test_badgepy" name="test_badge_right_link" time="0.018"/>
    <testcase classname="tests.test_badgepy" name="test_badge_center_image" time="0.029"/>
    <testcase classname="tests.test_badgepy" name="test_badge_with_titles" time="0.021"/>
    <testcase classname="tests.test_badgepy" name="test_badge_unicode_text" time="0.035"/>
    <testcase classname="tests.test_badgepy" name="test_badge_arabic" time="0.033"/>
    <testcase classname="tests.test_badgepy" name="test_badge_chinese" time="0.034"/>
    <testcase classname="tests.test_badgepy" name="test_badge_russian" time="0.032"/>
    <testcase classname="tests.test_badgepy" name="test_badge_id_suffix" time="0.014"/>
    <testcase classname="tests.test_badgepy" name="test_badge_no_right_text" time="0.013"/>
    <testcase classname="tests.test_badgepy" name="test_badge_empty_text" time="0.012"/>
    <testcase classname="tests.test_badgepy" name="test_badge_hex_color" time="0.016"/>
    <testcase classname="tests.test_badgepy" name="test_badge_long_text" time="0.024"/>
    <testcase classname="tests.test_badgepy" name="test_badge_short_text" time="0.011"/>
    <testcase classname="tests.test_badgepy" name="test_golden_image_accuracy" time="0.156"/>
    <testcase classname="tests.test_badgepy" name="test_golden_image_build_passing" time="0.143"/>
    <testcase classname="tests.test_badgepy" name="test_golden_image_build_failure" time="0.139"/>
    <testcase classname="tests.test_badgepy" name="test_golden_image_complete" time="0.162"/>
    <testcase classname="tests.test_badgepy" name="test_golden_image_github" time="0.148"/>
    <testcase classname="tests.test_badgepy" name="test_golden_image_license" time="0.145"/>
    <testcase classname="tests.test_badgepy" name="test_golden_image_pip" time="0.141">
      <skipped message="Skipped: network not available in this environment"/>
    </testcase>
  </testsuite>
  <testsuite name="tests.test_parsers" tests="12" failures="0" errors="0" skipped="0" time="0.894">
    <testcase classname="tests.test_parsers" name="test_parse_junit_basic" time="0.045"/>
    <testcase classname="tests.test_parsers" name="test_parse_junit_multiple_suites" time="0.052"/>
    <testcase classname="tests.test_parsers" name="test_parse_junit_with_failures" time="0.048"/>
    <testcase classname="tests.test_parsers" name="test_parse_junit_with_errors" time="0.044"/>
    <testcase classname="tests.test_parsers" name="test_badges_from_junit" time="0.061"/>
    <testcase classname="tests.test_parsers" name="test_parse_coverage_basic" time="0.057"/>
    <testcase classname="tests.test_parsers" name="test_parse_coverage_with_branches" time="0.063"/>
    <testcase classname="tests.test_parsers" name="test_badges_from_coverage" time="0.071"/>
    <testcase classname="tests.test_parsers" name="test_parse_generic_keyvalue" time="0.039"/>
    <testcase classname="tests.test_parsers" name="test_parse_generic_json" time="0.042"/>
    <testcase classname="tests.test_parsers" name="test_badges_from_generic" time="0.055"/>
    <testcase classname="tests.test_parsers" name="test_parse_coverage_line_rate" time="0.058"/>
  </testsuite>
  <testsuite name="tests.test_presets" tests="7" failures="0" errors="0" skipped="0" time="0.571">
    <testcase classname="tests.test_presets" name="test_build_badge_passing" time="0.067"/>
    <testcase classname="tests.test_presets" name="test_build_badge_failure" time="0.065"/>
    <testcase classname="tests.test_presets" name="test_coverage_badge_high" time="0.082"/>
    <testcase classname="tests.test_presets" name="test_coverage_badge_low" time="0.079"/>
    <testcase classname="tests.test_presets" name="test_version_badge" time="0.074"/>
    <testcase classname="tests.test_presets" name="test_license_badge" time="0.069"/>
    <testcase classname="tests.test_presets" name="test_custom_badge" time="0.077"/>
  </testsuite>
</testsuites>
